Archive member included to satisfy reference by file (symbol)

C:/ST/STM32CubeIDE_1.15.1/STM32CubeIDE/plugins/com.st.stm32cube.ide.mcu.externaltools.gnu-tools-for-stm32.12.3.rel1.win32_1.0.200.202406191623/tools/bin/../lib/gcc/arm-none-eabi/12.3.1/../../../../arm-none-eabi/lib/thumb/v7e-m+fp/hard\libc_nano.a(libc_a-exit.o)
                              C:/ST/STM32CubeIDE_1.15.1/STM32CubeIDE/plugins/com.st.stm32cube.ide.mcu.externaltools.gnu-tools-for-stm32.12.3.rel1.win32_1.0.200.202406191623/tools/bin/../lib/gcc/arm-none-eabi/12.3.1/../../../../arm-none-eabi/lib/thumb/v7e-m+fp/hard/crt0.o (exit)
C:/ST/STM32CubeIDE_1.15.1/STM32CubeIDE/plugins/com.st.stm32cube.ide.mcu.externaltools.gnu-tools-for-stm32.12.3.rel1.win32_1.0.200.202406191623/tools/bin/../lib/gcc/arm-none-eabi/12.3.1/../../../../arm-none-eabi/lib/thumb/v7e-m+fp/hard\libc_nano.a(libc_a-findfp.o)
                              C:/ST/STM32CubeIDE_1.15.1/STM32CubeIDE/plugins/com.st.stm32cube.ide.mcu.externaltools.gnu-tools-for-stm32.12.3.rel1.win32_1.0.200.202406191623/tools/bin/../lib/gcc/arm-none-eabi/12.3.1/../../../../arm-none-eabi/lib/thumb/v7e-m+fp/hard\libc_nano.a(libc_a-exit.o) (__stdio_exit_handler)
C:/ST/STM32CubeIDE_1.15.1/STM32CubeIDE/plugins/com.st.stm32cube.ide.mcu.externaltools.gnu-tools-for-stm32.12.3.rel1.win32_1.0.200.202406191623/tools/bin/../lib/gcc/arm-none-eabi/12.3.1/../../../../arm-none-eabi/lib/thumb/v7e-m+fp/hard\libc_nano.a(libc_a-fwalk.o)
                              C:/ST/STM32CubeIDE_1.15.1/STM32CubeIDE/plugins/com.st.stm32cube.ide.mcu.externaltools.gnu-tools-for-stm32.12.3.rel1.win32_1.0.200.202406191623/tools/bin/../lib/gcc/arm-none-eabi/12.3.1/../../../../arm-none-eabi/lib/thumb/v7e-m+fp/hard\libc_nano.a(libc_a-findfp.o) (_fwalk_sglue)
C:/ST/STM32CubeIDE_1.15.1/STM32CubeIDE/plugins/com.st.stm32cube.ide.mcu.externaltools.gnu-tools-for-stm32.12.3.rel1.win32_1.0.200.202406191623/tools/bin/../lib/gcc/arm-none-eabi/12.3.1/../../../../arm-none-eabi/lib/thumb/v7e-m+fp/hard\libc_nano.a(libc_a-stdio.o)
                              C:/ST/STM32CubeIDE_1.15.1/STM32CubeIDE/plugins/com.st.stm32cube.ide.mcu.externaltools.gnu-tools-for-stm32.12.3.rel1.win32_1.0.200.202406191623/tools/bin/../lib/gcc/arm-none-eabi/12.3.1/../../../../arm-none-eabi/lib/thumb/v7e-m+fp/hard\libc_nano.a(libc_a-findfp.o) (__sread)
C:/ST/STM32CubeIDE_1.15.1/STM32CubeIDE/plugins/com.st.stm32cube.ide.mcu.externaltools.gnu-tools-for-stm32.12.3.rel1.win32_1.0.200.202406191623/tools/bin/../lib/gcc/arm-none-eabi/12.3.1/../../../../arm-none-eabi/lib/thumb/v7e-m+fp/hard\libc_nano.a(libc_a-memset.o)
                              C:/ST/STM32CubeIDE_1.15.1/STM32CubeIDE/plugins/com.st.stm32cube.ide.mcu.externaltools.gnu-tools-for-stm32.12.3.rel1.win32_1.0.200.202406191623/tools/bin/../lib/gcc/arm-none-eabi/12.3.1/../../../../arm-none-eabi/lib/thumb/v7e-m+fp/hard/crt0.o (memset)
C:/ST/STM32CubeIDE_1.15.1/STM32CubeIDE/plugins/com.st.stm32cube.ide.mcu.externaltools.gnu-tools-for-stm32.12.3.rel1.win32_1.0.200.202406191623/tools/bin/../lib/gcc/arm-none-eabi/12.3.1/../../../../arm-none-eabi/lib/thumb/v7e-m+fp/hard\libc_nano.a(libc_a-closer.o)
                              C:/ST/STM32CubeIDE_1.15.1/STM32CubeIDE/plugins/com.st.stm32cube.ide.mcu.externaltools.gnu-tools-for-stm32.12.3.rel1.win32_1.0.200.202406191623/tools/bin/../lib/gcc/arm-none-eabi/12.3.1/../../../../arm-none-eabi/lib/thumb/v7e-m+fp/hard\libc_nano.a(libc_a-stdio.o) (_close_r)
C:/ST/STM32CubeIDE_1.15.1/STM32CubeIDE/plugins/com.st.stm32cube.ide.mcu.externaltools.gnu-tools-for-stm32.12.3.rel1.win32_1.0.200.202406191623/tools/bin/../lib/gcc/arm-none-eabi/12.3.1/../../../../arm-none-eabi/lib/thumb/v7e-m+fp/hard\libc_nano.a(libc_a-reent.o)
                              C:/ST/STM32CubeIDE_1.15.1/STM32CubeIDE/plugins/com.st.stm32cube.ide.mcu.externaltools.gnu-tools-for-stm32.12.3.rel1.win32_1.0.200.202406191623/tools/bin/../lib/gcc/arm-none-eabi/12.3.1/../../../../arm-none-eabi/lib/thumb/v7e-m+fp/hard\libc_nano.a(libc_a-closer.o) (errno)
C:/ST/STM32CubeIDE_1.15.1/STM32CubeIDE/plugins/com.st.stm32cube.ide.mcu.externaltools.gnu-tools-for-stm32.12.3.rel1.win32_1.0.200.202406191623/tools/bin/../lib/gcc/arm-none-eabi/12.3.1/../../../../arm-none-eabi/lib/thumb/v7e-m+fp/hard\libc_nano.a(libc_a-impure.o)
                              C:/ST/STM32CubeIDE_1.15.1/STM32CubeIDE/plugins/com.st.stm32cube.ide.mcu.externaltools.gnu-tools-for-stm32.12.3.rel1.win32_1.0.200.202406191623/tools/bin/../lib/gcc/arm-none-eabi/12.3.1/../../../../arm-none-eabi/lib/thumb/v7e-m+fp/hard\libc_nano.a(libc_a-reent.o) (_impure_ptr)
C:/ST/STM32CubeIDE_1.15.1/STM32CubeIDE/plugins/com.st.stm32cube.ide.mcu.externaltools.gnu-tools-for-stm32.12.3.rel1.win32_1.0.200.202406191623/tools/bin/../lib/gcc/arm-none-eabi/12.3.1/../../../../arm-none-eabi/lib/thumb/v7e-m+fp/hard\libc_nano.a(libc_a-lseekr.o)
[...]
Memory Configuration

Name             Origin             Length             Attributes
RAM              0x20000000         0x00010000         xrw
RAM2             0x10000000         0x00004000         xrw
FLASH            0x08000000         0x00040000         xr
*default*        0x00000000         0xffffffff

Linker script and memory map

LOAD C:/ST/STM32CubeIDE_1.15.1/STM32CubeIDE/plugins/com.st.stm32cube.ide.mcu.externaltools.gnu-tools-for-stm32.12.3.rel1.win32_1.0.200.202406191623/tools/bin/../lib/gcc/arm-none-eabi/12.3.1/thumb/v7e-m+fp/hard/crti.o
LOAD C:/ST/STM32CubeIDE_1.15.1/STM32CubeIDE/plugins/com.st.stm32cube.ide.mcu.externaltools.gnu-tools-for-stm32.12.3.rel1.win32_1.0.200.202406191623/tools/bin/../lib/gcc/arm-none-eabi/12.3.1/thumb/v7e-m+fp/hard/crtbegin.o
LOAD C:/ST/STM32CubeIDE_1.15.1/STM32CubeIDE/plugins/com.st.stm32cube.ide.mcu.externaltools.gnu-tools-for-stm32.12.3.rel1.win32_1.0.200.202406191623/tools/bin/../lib/gcc/arm-none-eabi/12.3.1/../../../../arm-none-eabi/lib/thumb/v7e-m+fp/hard/crt0.o
LOAD ./Core/Src/ILI9341_GFX.o
LOAD ./Core/Src/ILI9341_STM32_Driver.o
LOAD ./Core/Src/fonts.o
LOAD ./Core/Src/main.o
LOAD ./Core/Src/stm32l4xx_hal_msp.o
LOAD ./Core/Src/stm32l4xx_it.o
LOAD ./Core/Src/syscalls.o
LOAD ./Core/Src/sysmem.o
LOAD ./Core/Src/system_stm32l4xx.o
LOAD ./Core/Startup/startup_stm32l432kcux.o
LOAD ./Drivers/STM32L4xx_HAL_Driver/Src/stm32l4xx_hal.o
LOAD ./Drivers/STM32L4xx_HAL_Driver/Src/stm32l4xx_hal_cortex.o
LOAD ./Drivers/STM32L4xx_HAL_Driver/Src/stm32l4xx_hal_dma.o
LOAD ./Drivers/STM32L4xx_HAL_Driver/Src/stm32l4xx_hal_dma_ex.o
LOAD ./Drivers/STM32L4xx_HAL_Driver/Src/stm32l4xx_hal_exti.o
LOAD ./Drivers/STM32L4xx_HAL_Driver/Src/stm32l4xx_hal_flash.o
LOAD ./Drivers/STM32L4xx_HAL_Driver/Src/stm32l4xx_hal_flash_ex.o
LOAD ./Drivers/STM32L4xx_HAL_Driver/Src/stm32l4xx_hal_flash_ramfunc.o
LOAD ./Drivers/STM32L4xx_HAL_Driver/Src/stm32l4xx_hal_gpio.o
LOAD ./Drivers/STM32L4xx_HAL_Driver/Src/stm32l4xx_hal_i2c.o
LOAD ./Drivers/STM32L4xx_HAL_Driver/Src/stm32l4xx_hal_i2c_ex.o
LOAD ./Drivers/STM32L4xx_HAL_Driver/Src/stm32l4xx_hal_pwr.o
LOAD ./Drivers/STM32L4xx_HAL_Driver/Src/stm32l4xx_hal_pwr_ex.o
LOAD ./Drivers/STM32L4xx_HAL_Driver/Src/stm32l4xx_hal_rcc.o
LOAD ./Drivers/STM32L4xx_HAL_Driver/Src/stm32l4xx_hal_rcc_ex.o
LOAD ./Drivers/STM32L4xx_HAL_Driver/Src/stm32l4xx_hal_spi.o
LOAD ./Drivers/STM32L4xx_HAL_Driver/Src/stm32l4xx_hal_spi_ex.o
LOAD ./Drivers/STM32L4xx_HAL_Driver/Src/stm32l4xx_hal_tim.o
LOAD ./Drivers/STM32L4xx_HAL_Driver/Src/stm32l4xx_hal_tim_ex.o
START GROUP
LOAD C:/ST/STM32CubeIDE_1.15.1/STM32CubeIDE/plugins/com.st.stm32cube.ide.mcu.externaltools.gnu-tools-for-stm32.12.3.rel1.win32_1.0.200.202406191623/tools/bin/../lib/gcc/arm-none-eabi/12.3.1/../../../../arm-none-eabi/lib/thumb/v7e-m+fp/hard\libstdc++_nano.a
LOAD C:/ST/STM32CubeIDE_1.15.1/STM32CubeIDE/plugins/com.st.stm32cube.ide.mcu.externaltools.gnu-tools-for-stm32.12.3.rel1.win32_1.0.200.202406191623/tools/bin/../lib/gcc/arm-none-eabi/12.3.1/../../../../arm-none-eabi/lib/thumb/v7e-m+fp/hard\libsupc++_nano.a
END GROUP
LOAD C:/ST/STM32CubeIDE_1.15.1/STM32CubeIDE/plugins/com.st.stm32cube.ide.mcu.externaltools.gnu-tools-for-stm32.12.3.rel1.win32_1.0.200.202406191623/tools/bin/../lib/gcc/arm-none-eabi/12.3.1/../../../../arm-none-eabi/lib/thumb/v7e-m+fp/hard\libstdc++_nano.a
LOAD C:/ST/STM32CubeIDE_1.15.1/STM32CubeIDE/plugins/com.st.stm32cube.ide.mcu.externaltools.gnu-tools-for-stm32.12.3.rel1.win32_1.0.200.202406191623/tools/bin/../lib/gcc/arm-none-eabi/12.3.1/../../../../arm-none-eabi/lib/thumb/v7e-m+fp/hard\libm.a
LOAD C:/ST/STM32CubeIDE_1.15.1/STM32CubeIDE/plugins/com.st.stm32cube.ide.mcu.externaltools.gnu-tools-for-stm32.12.3.rel1.win32_1.0.200.202406191623/tools/bin/../lib/gcc/arm-none-eabi/12.3.1/../../../../arm-none-eabi/lib/thumb/v7e-m+fp/hard\libc_nano.a
START GROUP
LOAD C:/ST/STM32CubeIDE_1.15.1/STM32CubeIDE/plugins/com.st.stm32cube.ide.mcu.externaltools.gnu-tools-for-stm32.12.3.rel1.win32_1.0.200.202406191623/tools/bin/../lib/gcc/arm-none-eabi/12.3.1/thumb/v7e-m+fp/hard\libgcc.a
LOAD C:/ST/STM32CubeIDE_1.15.1/STM32CubeIDE/plugins/com.st.stm32cube.ide.mcu.externaltools.gnu-tools-for-stm32.12.3.rel1.win32_1.0.200.202406191623/tools/bin/../lib/gcc/arm-none-eabi/12.3.1/../../../../arm-none-eabi/lib/thumb/v7e-m+fp/hard\libc_nano.a
END GROUP
START GROUP
LOAD C:/ST/STM32CubeIDE_1.15.1/STM32CubeIDE/plugins/com.st.stm32cube.ide.mcu.externaltools.gnu-tools-for-stm32.12.3.rel1.win32_1.0.200.202406191623/tools/bin/../lib/gcc/arm-none-eabi/12.3.1/thumb/v7e-m+fp/hard\libgcc.a
LOAD C:/ST/STM32CubeIDE_1.15.1/STM32CubeIDE/plugins/com.st.stm32cube.ide.mcu.externaltools.gnu-tools-for-stm32.12.3.rel1.win32_1.0.200.202406191623/tools/bin/../lib/gcc/arm-none-eabi/12.3.1/../../../../arm-none-eabi/lib/thumb/v7e-m+fp/hard\libc_nano.a
END GROUP
LOAD C:/ST/STM32CubeIDE_1.15.1/STM32CubeIDE/plugins/com.st.stm32cube.ide.mcu.externaltools.gnu-tools-for-stm32.12.3.rel1.win32_1.0.200.202406191623/tools/bin/../lib/gcc/arm-none-eabi/12.3.1/thumb/v7e-m+fp/hard/crtend.o
LOAD C:/ST/STM32CubeIDE_1.15.1/STM32CubeIDE/plugins/com.st.stm32cube.ide.mcu.externaltools.gnu-tools-for-stm32.12.3.rel1.win32_1.0.200.202406191623/tools/bin/../lib/gcc/arm-none-eabi/12.3.1/thumb/v7e-m+fp/hard/crtn.o
                0x20010000                        _estack = (ORIGIN (RAM) + LENGTH (RAM))
                0x00000200                        _Min_Heap_Size = 0x200
                0x00000400                        _Min_Stack_Size = 0x400

.isr_vector     0x08000000      0x18c
                0x08000000                        . = ALIGN (0x4)
 *(.isr_vector)
 .isr_vector    0x08000000      0x18c ./Core/Startup/startup_stm32l432kcux.o
                0x08000000                g_pfnVectors
                0x0800018c                        . = ALIGN (0x4)

.text           0x08000190     0x346c
                0x08000190                        . = ALIGN (0x4)
 *(.text)
 .text          0x08000190       0x40 C:/ST/STM32CubeIDE_1.15.1/STM32CubeIDE/plugins/com.st.stm32cube.ide.mcu.externaltools.gnu-tools-for-stm32.12.3.rel1.win32_1.0.200.202406191623/tools/bin/../lib/gcc/arm-none-eabi/12.3.1/thumb/v7e-m+fp/hard/crtbegin.o
 .text          0x080001d0       0x10 C:/ST/STM32CubeIDE_1.15.1/STM32CubeIDE/plugins/com.st.stm32cube.ide.mcu.externaltools.gnu-tools-for-stm32.12.3.rel1.win32_1.0.200.202406191623/tools/bin/../lib/gcc/arm-none-eabi/12.3.1/../../../../arm-none-eabi/lib/thumb/v7e-m+fp/hard\libc_nano.a(libc_a-strlen.o)
                0x080001d0                strlen
 .text          0x080001e0      0x254 C:/ST/STM32CubeIDE_1.15.1/STM32CubeIDE/plugins/com.st.stm32cube.ide.mcu.externaltools.gnu-tools-for-stm32.12.3.rel1.win32_1.0.200.202406191623/tools/bin/../lib/gcc/arm-none-eabi/12.3.1/thumb/v7e-m+fp/hard\libgcc.a(_arm_muldf3.o)
                0x080001e0                __muldf3
                0x080001e0                __aeabi_dmul
 .text          0x08000434      0x378 C:/ST/STM32CubeIDE_1.15.1/STM32CubeIDE/plugins/com.st.stm32cube.ide.mcu.externaltools.gnu-tools-for-stm32.12.3.rel1.win32_1.0.200.202406191623/tools/bin/../lib/gcc/arm-none-eabi/12.3.1/thumb/v7e-m+fp/hard\libgcc.a(_arm_addsubdf3.o)
                0x08000434                __aeabi_drsub
                0x0800043c                __aeabi_dsub
                0x0800043c                __subdf3
                0x08000440                __aeabi_dadd
                0x08000440                __adddf3
                0x080006b8                __floatunsidf
                0x080006b8                __aeabi_ui2d
                0x080006d8                __floatsidf
                0x080006d8                __aeabi_i2d
                0x080006fc                __aeabi_f2d
                0x080006fc                __extendsfdf2
                0x08000740                __floatundidf
                0x08000740                __aeabi_ul2d
                0x08000750                __floatdidf
                0x08000750                __aeabi_l2d
 .text          0x080007ac       0x40 C:/ST/STM32CubeIDE_1.15.1/STM32CubeIDE/plugins/com.st.stm32cube.ide.mcu.externaltools.gnu-tools-for-stm32.12.3.rel1.win32_1.0.200.202406191623/tools/bin/../lib/gcc/arm-none-eabi/12.3.1/thumb/v7e-m+fp/hard\libgcc.a(_arm_fixunsdfsi.o)
                0x080007ac                __aeabi_d2uiz
                0x080007ac                __fixunsdfsi
 *(.text*)
 .text.ILI9341_NepChar
                0x080007ec      0x13a ./Core/Src/ILI9341_GFX.o
                0x080007ec                ILI9341_NepChar
 *fill*         0x08000926        0x2 
 .text.ILI9341_PreetiText
                0x08000928      0x254 ./Core/Src/ILI9341_GFX.o
                0x08000928                ILI9341_PreetiText
 .text.ILI9341_SPI_Tx
                0x08000b7c       0x34 ./Core/Src/ILI9341_STM32_Driver.o
 .text.ILI9341_SPI_TxBuffer
                0x08000bb0       0x34 ./Core/Src/ILI9341_STM32_Driver.o
 .text.ILI9341_WriteCommand
                0x08000be4       0x3e ./Core/Src/ILI9341_STM32_Driver.o
                0x08000be4                ILI9341_WriteCommand
 .text.ILI9341_WriteData
                0x08000c22       0x3e ./Core/Src/ILI9341_STM32_Driver.o
                0x08000c22                ILI9341_WriteData
 .text.ILI9341_WriteBuffer
                0x08000c60       0x42 ./Core/Src/ILI9341_STM32_Driver.o
                0x08000c60                ILI9341_WriteBuffer
 .text.ILI9341_SetAddress
                0x08000ca2       0x90 ./Core/Src/ILI9341_STM32_Driver.o
                0x08000ca2                ILI9341_SetAddress
 .text.ILI9341_Reset
                0x08000d32       0x44 ./Core/Src/ILI9341_STM32_Driver.o
                0x08000d32                ILI9341_Reset
 .text.ILI9341_Enable
                0x08000d76       0x14 ./Core/Src/ILI9341_STM32_Driver.o
                0x08000d76                ILI9341_Enable
 .text.ILI9341_Init
                0x08000d8a      0x214 ./Core/Src/ILI9341_STM32_Driver.o
                0x08000d8a                ILI9341_Init
 *fill*         0x08000f9e        0x2 
 .text.ILI9341_SetRotation
                0x08000fa0       0xa0 ./Core/Src/ILI9341_STM32_Driver.o
                0x08000fa0                ILI9341_SetRotation
 .text.ILI9341_DrawColorBurst
                0x08001040      0x138 ./Core/Src/ILI9341_STM32_Driver.o
                0x08001040                ILI9341_DrawColorBurst
 .text.ILI9341_FillScreen
                0x08001178       0x4c ./Core/Src/ILI9341_STM32_Driver.o
                0x08001178                ILI9341_FillScreen
 .text.ILI9341_DrawPixel
                0x080011c4       0xcc ./Core/Src/ILI9341_STM32_Driver.o
                0x080011c4                ILI9341_DrawPixel
 .text.ILI9341_DrawRectangle
                0x08001290       0xb8 ./Core/Src/ILI9341_STM32_Driver.o
                0x08001290                ILI9341_DrawRectangle
 .text.main     0x08001348       0x20 ./Core/Src/main.o
                0x08001348                main
 .text.SystemClock_Config
                0x08001368       0xa2 ./Core/Src/main.o
                0x08001368                SystemClock_Config
 *fill*         0x0800140a        0x2 
 .text.MX_SPI1_Init
                0x0800140c       0x7c ./Core/Src/main.o
 .text.MX_GPIO_Init
                0x08001488       0xd0 ./Core/Src/main.o
 .text.test_nepali
                0x08001558      0x4c0 ./Core/Src/main.o
                0x08001558                test_nepali
 .text.Error_Handler
                0x08001a18        0xc ./Core/Src/main.o
                0x08001a18                Error_Handler
 .text.HAL_MspInit
                0x08001a24       0x48 ./Core/Src/stm32l4xx_hal_msp.o
                0x08001a24                HAL_MspInit
 .text.HAL_SPI_MspInit
                0x08001a6c       0x84 ./Core/Src/stm32l4xx_hal_msp.o
                0x08001a6c                HAL_SPI_MspInit
 .text.NMI_Handler
                0x08001af0        0x8 ./Core/Src/stm32l4xx_it.o
                0x08001af0                NMI_Handler
 .text.HardFault_Handler
                0x08001af8        0x8 ./Core/Src/stm32l4xx_it.o
                0x08001af8                HardFault_Handler
 .text.MemManage_Handler
                0x08001b00        0x8 ./Core/Src/stm32l4xx_it.o
                0x08001b00                MemManage_Handler
 .text.BusFault_Handler
                0x08001b08        0x8 ./Core/Src/stm32l4xx_it.o
                0x08001b08                BusFault_Handler
 .text.UsageFault_Handler
                0x08001b10        0x8 ./Core/Src/stm32l4xx_it.o
                0x08001b10                UsageFault_Handler
 .text.SVC_Handler
                0x08001b18        0xe ./Core/Src/stm32l4xx_it.o
                0x08001b18                SVC_Handler
 .text.DebugMon_Handler
                0x08001b26        0xe ./Core/Src/stm32l4xx_it.o
                0x08001b26                DebugMon_Handler
 .text.PendSV_Handler
                0x08001b34        0xe ./Core/Src/stm32l4xx_it.o
                0x08001b34                PendSV_Handler
 .text.SysTick_Handler
                0x08001b42        0xc ./Core/Src/stm32l4xx_it.o
                0x08001b42                SysTick_Handler
 *fill*         0x08001b4e        0x2 
 .text.SystemInit
                0x08001b50       0x24 ./Core/Src/system_stm32l4xx.o
                0x08001b50                SystemInit
 .text.Reset_Handler
                0x08001b74       0x50 ./Core/Startup/startup_stm32l432kcux.o
                0x08001b74                Reset_Handler
 .text.Default_Handler
                0x08001bc4        0x2 ./Core/Startup/startup_stm32l432kcux.o
                0x08001bc4                RTC_Alarm_IRQHandler
                0x08001bc4                EXTI2_IRQHandler
                0x08001bc4                TIM1_CC_IRQHandler
                0x08001bc4                TSC_IRQHandler
                0x08001bc4                TAMP_STAMP_IRQHandler
                0x08001bc4                EXTI3_IRQHandler
                0x08001bc4                LPTIM2_IRQHandler
                0x08001bc4                I2C3_ER_IRQHandler
                0x08001bc4                EXTI0_IRQHandler
                0x08001bc4                CAN1_RX0_IRQHandler
                0x08001bc4                FPU_IRQHandler
                0x08001bc4                TIM1_UP_TIM16_IRQHandler
                0x08001bc4                SPI1_IRQHandler
                0x08001bc4                TIM6_DAC_IRQHandler
                0x08001bc4                DMA2_Channel2_IRQHandler
                0x08001bc4                DMA1_Channel4_IRQHandler
                0x08001bc4                ADC1_IRQHandler
                0x08001bc4                DMA1_Channel7_IRQHandler
                0x08001bc4                CAN1_RX1_IRQHandler
                0x08001bc4                DMA2_Channel1_IRQHandler
                0x08001bc4                QUADSPI_IRQHandler
                0x08001bc4                I2C1_EV_IRQHandler
                0x08001bc4                DMA1_Channel6_IRQHandler
                0x08001bc4                DMA2_Channel4_IRQHandler
                0x08001bc4                RCC_IRQHandler
                0x08001bc4                TIM1_TRG_COM_IRQHandler
                0x08001bc4                DMA1_Channel1_IRQHandler
                0x08001bc4                Default_Handler
                0x08001bc4                DMA2_Channel7_IRQHandler
                0x08001bc4                EXTI15_10_IRQHandler
                0x08001bc4                TIM7_IRQHandler
                0x08001bc4                I2C3_EV_IRQHandler
                0x08001bc4                USB_IRQHandler
                0x08001bc4                EXTI9_5_IRQHandler
                0x08001bc4                RTC_WKUP_IRQHandler
                0x08001bc4                PVD_PVM_IRQHandler
                0x08001bc4                CAN1_TX_IRQHandler
                0x08001bc4                DMA2_Channel5_IRQHandler
                0x08001bc4                CRS_IRQHandler
                0x08001bc4                DMA1_Channel5_IRQHandler
                0x08001bc4                EXTI4_IRQHandler
                0x08001bc4                RNG_IRQHandler
                0x08001bc4                DMA1_Channel3_IRQHandler
                0x08001bc4                COMP_IRQHandler
                0x08001bc4                WWDG_IRQHandler
                0x08001bc4                LPUART1_IRQHandler
                0x08001bc4                DMA2_Channel6_IRQHandler
                0x08001bc4                TIM2_IRQHandler
                0x08001bc4                EXTI1_IRQHandler
                0x08001bc4                USART2_IRQHandler
                0x08001bc4                DMA1_Channel2_IRQHandler
                0x08001bc4                CAN1_SCE_IRQHandler
                0x08001bc4                FLASH_IRQHandler
                0x08001bc4                USART1_IRQHandler
                0x08001bc4                SPI3_IRQHandler
                0x08001bc4                I2C1_ER_IRQHandler
                0x08001bc4                SWPMI1_IRQHandler
                0x08001bc4                LPTIM1_IRQHandler
                0x08001bc4                SAI1_IRQHandler
                0x08001bc4                DMA2_Channel3_IRQHandler
                0x08001bc4                TIM1_BRK_TIM15_IRQHandler
 .text.HAL_Init
                0x08001bc6       0x30 ./Drivers/STM32L4xx_HAL_Driver/Src/stm32l4xx_hal.o
                0x08001bc6                HAL_Init
 *fill*         0x08001bf6        0x2 
 .text.HAL_InitTick
                0x08001bf8       0x78 ./Drivers/STM32L4xx_HAL_Driver/Src/stm32l4xx_hal.o
                0x08001bf8                HAL_InitTick
 .text.HAL_IncTick
                0x08001c70       0x28 ./Drivers/STM32L4xx_HAL_Driver/Src/stm32l4xx_hal.o
                0x08001c70                HAL_IncTick
 .text.HAL_GetTick
                0x08001c98       0x18 ./Drivers/STM32L4xx_HAL_Driver/Src/stm32l4xx_hal.o
                0x08001c98                HAL_GetTick
 .text.HAL_Delay
                0x08001cb0       0x48 ./Drivers/STM32L4xx_HAL_Driver/Src/stm32l4xx_hal.o
                0x08001cb0                HAL_Delay
 .text.__NVIC_SetPriorityGrouping
                0x08001cf8       0x48 ./Drivers/STM32L4xx_HAL_Driver/Src/stm32l4xx_hal_cortex.o
 .text.__NVIC_GetPriorityGrouping
                0x08001d40       0x1c ./Drivers/STM32L4xx_HAL_Driver/Src/stm32l4xx_hal_cortex.o
 .text.__NVIC_SetPriority
                0x08001d5c       0x54 ./Drivers/STM32L4xx_HAL_Driver/Src/stm32l4xx_hal_cortex.o
 .text.NVIC_EncodePriority
                0x08001db0       0x66 ./Drivers/STM32L4xx_HAL_Driver/Src/stm32l4xx_hal_cortex.o
 *fill*         0x08001e16        0x2 
 .text.SysTick_Config
                0x08001e18       0x44 ./Drivers/STM32L4xx_HAL_Driver/Src/stm32l4xx_hal_cortex.o
 .text.HAL_NVIC_SetPriorityGrouping
                0x08001e5c       0x16 ./Drivers/STM32L4xx_HAL_Driver/Src/stm32l4xx_hal_cortex.o
                0x08001e5c                HAL_NVIC_SetPriorityGrouping
 .text.HAL_NVIC_SetPriority
                0x08001e72       0x38 ./Drivers/STM32L4xx_HAL_Driver/Src/stm32l4xx_hal_cortex.o
                0x08001e72                HAL_NVIC_SetPriority
 .text.HAL_SYSTICK_Config
                0x08001eaa       0x18 ./Drivers/STM32L4xx_HAL_Driver/Src/stm32l4xx_hal_cortex.o
                0x08001eaa                HAL_SYSTICK_Config
 *fill*         0x08001ec2        0x2 
 .text.HAL_GPIO_Init
                0x08001ec4      0x2d4 ./Drivers/STM32L4xx_HAL_Driver/Src/stm32l4xx_hal_gpio.o
                0x08001ec4                HAL_GPIO_Init
 .text.HAL_GPIO_WritePin
                0x08002198       0x30 ./Drivers/STM32L4xx_HAL_Driver/Src/stm32l4xx_hal_gpio.o
                0x08002198                HAL_GPIO_WritePin
 .text.HAL_PWREx_GetVoltageRange
                0x080021c8       0x1c ./Drivers/STM32L4xx_HAL_Driver/Src/stm32l4xx_hal_pwr_ex.o
                0x080021c8                HAL_PWREx_GetVoltageRange
 .text.HAL_PWREx_ControlVoltageScaling
                0x080021e4       0xac ./Drivers/STM32L4xx_HAL_Driver/Src/stm32l4xx_hal_pwr_ex.o
                0x080021e4                HAL_PWREx_ControlVoltageScaling
 .text.HAL_RCC_OscConfig
                0x08002290      0x828 ./Drivers/STM32L4xx_HAL_Driver/Src/stm32l4xx_hal_rcc.o
                0x08002290                HAL_RCC_OscConfig
 .text.HAL_RCC_ClockConfig
                0x08002ab8      0x200 ./Drivers/STM32L4xx_HAL_Driver/Src/stm32l4xx_hal_rcc.o
                0x08002ab8                HAL_RCC_ClockConfig
 .text.HAL_RCC_GetSysClockFreq
                0x08002cb8      0x118 ./Drivers/STM32L4xx_HAL_Driver/Src/stm32l4xx_hal_rcc.o
                0x08002cb8                HAL_RCC_GetSysClockFreq
 .text.RCC_SetFlashLatencyFromMSIRange
                0x08002dd0       0xc0 ./Drivers/STM32L4xx_HAL_Driver/Src/stm32l4xx_hal_rcc.o
 .text.HAL_SPI_Init
                0x08002e90      0x146 ./Drivers/STM32L4xx_HAL_Driver/Src/stm32l4xx_hal_spi.o
                0x08002e90                HAL_SPI_Init
 .text.HAL_SPI_Transmit
                0x08002fd6      0x2ec ./Drivers/STM32L4xx_HAL_Driver/Src/stm32l4xx_hal_spi.o
                0x08002fd6                HAL_SPI_Transmit
 *fill*         0x080032c2        0x2 
 .text.SPI_WaitFlagStateUntilTimeout
                0x080032c4      0x110 ./Drivers/STM32L4xx_HAL_Driver/Src/stm32l4xx_hal_spi.o
 .text.SPI_WaitFifoStateUntilTimeout
                0x080033d4      0x12c ./Drivers/STM32L4xx_HAL_Driver/Src/stm32l4xx_hal_spi.o
 .text.SPI_EndRxTxTransaction
                0x08003500       0x8c ./Drivers/STM32L4xx_HAL_Driver/Src/stm32l4xx_hal_spi.o
 .text.memset   0x0800358c       0x10 C:/ST/STM32CubeIDE_1.15.1/STM32CubeIDE/plugins/com.st.stm32cube.ide.mcu.externaltools.gnu-tools-for-stm32.12.3.rel1.win32_1.0.200.202406191623/tools/bin/../lib/gcc/arm-none-eabi/12.3.1/../../../../arm-none-eabi/lib/thumb/v7e-m+fp/hard\libc_nano.a(libc_a-memset.o)
                0x0800358c                memset
 .text.__libc_init_array
                0x0800359c       0x48 C:/ST/STM32CubeIDE_1.15.1/STM32CubeIDE/plugins/com.st.stm32cube.ide.mcu.externaltools.gnu-tools-for-stm32.12.3.rel1.win32_1.0.200.202406191623/tools/bin/../lib/gcc/arm-none-eabi/12.3.1/../../../../arm-none-eabi/lib/thumb/v7e-m+fp/hard\libc_nano.a(libc_a-init.o)
                0x0800359c                __libc_init_array
 *(.glue_7)
 .glue_7        0x080035e4        0x0 linker stubs
 *(.glue_7t)
 .glue_7t       0x080035e4        0x0 linker stubs
 *(.eh_frame)
 .eh_frame      0x080035e4        0x0 C:/ST/STM32CubeIDE_1.15.1/STM32CubeIDE/plugins/com.st.stm32cube.ide.mcu.externaltools.gnu-tools-for-stm32.12.3.rel1.win32_1.0.200.202406191623/tools/bin/../lib/gcc/arm-none-eabi/12.3.1/thumb/v7e-m+fp/hard/crtbegin.o
 *(.init)
 .init          0x080035e4        0x4 C:/ST/STM32CubeIDE_1.15.1/STM32CubeIDE/plugins/com.st.stm32cube.ide.mcu.externaltools.gnu-tools-for-stm32.12.3.rel1.win32_1.0.200.202406191623/tools/bin/../lib/gcc/arm-none-eabi/12.3.1/thumb/v7e-m+fp/hard/crti.o
                0x080035e4                _init
 .init          0x080035e8        0x8 C:/ST/STM32CubeIDE_1.15.1/STM32CubeIDE/plugins/com.st.stm32cube.ide.mcu.externaltools.gnu-tools-for-stm32.12.3.rel1.win32_1.0.200.202406191623/tools/bin/../lib/gcc/arm-none-eabi/12.3.1/thumb/v7e-m+fp/hard/crtn.o
 *(.fini)
 .fini          0x080035f0        0x4 C:/ST/STM32CubeIDE_1.15.1/STM32CubeIDE/plugins/com.st.stm32cube.ide.mcu.externaltools.gnu-tools-for-stm32.12.3.rel1.win32_1.0.200.202406191623/tools/bin/../lib/gcc/arm-none-eabi/12.3.1/thumb/v7e-m+fp/hard/crti.o
                0x080035f0                _fini
 .fini          0x080035f4        0x8 C:/ST/STM32CubeIDE_1.15.1/STM32CubeIDE/plugins/com.st.stm32cube.ide.mcu.externaltools.gnu-tools-for-stm32.12.3.rel1.win32_1.0.200.202406191623/tools/bin/../lib/gcc/arm-none-eabi/12.3.1/thumb/v7e-m+fp/hard/crtn.o
                0x080035fc                        . = ALIGN (0x4)
                0x080035fc                        _etext = .

.vfp11_veneer   0x080035fc        0x0
 .vfp11_veneer  0x080035fc        0x0 linker stubs

.v4_bx          0x080035fc        0x0
 .v4_bx         0x080035fc        0x0 linker stubs

.iplt           0x080035fc        0x0
 .iplt          0x080035fc        0x0 C:/ST/STM32CubeIDE_1.15.1/STM32CubeIDE/plugins/com.st.stm32cube.ide.mcu.externaltools.gnu-tools-for-stm32.12.3.rel1.win32_1.0.200.202406191623/tools/bin/../lib/gcc/arm-none-eabi/12.3.1/thumb/v7e-m+fp/hard/crtbegin.o

.rodata         0x080035fc    0x1051c
                0x080035fc                        . = ALIGN (0x4)
 *(.rodata)
 .rodata        0x080035fc       0x97 ./Core/Src/main.o
 *(.rodata*)
 *fill*         0x08003693        0x1 
 .rodata.Preeti63x85
                0x08003694    0x10444 ./Core/Src/fonts.o
                0x08003694                Preeti63x85
 .rodata.AHBPrescTable
                0x08013ad8       0x10 ./Core/Src/system_stm32l4xx.o
                0x08013ad8                AHBPrescTable
 .rodata.MSIRangeTable
                0x08013ae8       0x30 ./Core/Src/system_stm32l4xx.o
                0x08013ae8                MSIRangeTable
                0x08013b18                        . = ALIGN (0x4)

.ARM.extab      0x08013b18        0x0
                0x08013b18                        . = ALIGN (0x4)
 *(.ARM.extab* .gnu.linkonce.armextab.*)
                0x08013b18                        . = ALIGN (0x4)

.ARM            0x08013b18        0x8
                0x08013b18                        . = ALIGN (0x4)
                0x08013b18                        __exidx_start = .
 *(.ARM.exidx*)
 .ARM.exidx     0x08013b18        0x8 C:/ST/STM32CubeIDE_1.15.1/STM32CubeIDE/plugins/com.st.stm32cube.ide.mcu.externaltools.gnu-tools-for-stm32.12.3.rel1.win32_1.0.200.202406191623/tools/bin/../lib/gcc/arm-none-eabi/12.3.1/../../../../arm-none-eabi/lib/thumb/v7e-m+fp/hard\libc_nano.a(libc_a-strlen.o)
                0x08013b20                        __exidx_end = .
                0x08013b20                        . = ALIGN (0x4)

.preinit_array  0x08013b20        0x0
                0x08013b20                        . = ALIGN (0x4)
                0x08013b20                        PROVIDE (__preinit_array_start = .)
 *(.preinit_array*)
                0x08013b20                        PROVIDE (__preinit_array_end = .)
                0x08013b20                        . = ALIGN (0x4)

.init_array     0x08013b20        0x4
                0x08013b20                        . = ALIGN (0x4)
                0x08013b20                        PROVIDE (__init_array_start = .)
 *(SORT_BY_NAME(.init_array.*))
 *(.init_array*)
 .init_array    0x08013b20        0x4 C:/ST/STM32CubeIDE_1.15.1/STM32CubeIDE/plugins/com.st.stm32cube.ide.mcu.externaltools.gnu-tools-for-stm32.12.3.rel1.win32_1.0.200.202406191623/tools/bin/../lib/gcc/arm-none-eabi/12.3.1/thumb/v7e-m+fp/hard/crtbegin.o
                0x08013b24                        PROVIDE (__init_array_end = .)
                0x08013b24                        . = ALIGN (0x4)

.fini_array     0x08013b24        0x4
                0x08013b24                        . = ALIGN (0x4)
                [!provide]                        PROVIDE (__fini_array_start = .)
 *(SORT_BY_NAME(.fini_array.*))
 *(.fini_array*)
 .fini_array    0x08013b24        0x4 C:/ST/STM32CubeIDE_1.15.1/STM32CubeIDE/plugins/com.st.stm32cube.ide.mcu.externaltools.gnu-tools-for-stm32.12.3.rel1.win32_1.0.200.202406191623/tools/bin/../lib/gcc/arm-none-eabi/12.3.1/thumb/v7e-m+fp/hard/crtbegin.o
                [!provide]                        PROVIDE (__fini_array_end = .)
                0x08013b28                        . = ALIGN (0x4)
                0x08013b28                        _sidata = LOADADDR (.data)

.rel.dyn        0x08013b28        0x0
 .rel.iplt      0x08013b28        0x0 C:/ST/STM32CubeIDE_1.15.1/STM32CubeIDE/plugins/com.st.stm32cube.ide.mcu.externaltools.gnu-tools-for-stm32.12.3.rel1.win32_1.0.200.202406191623/tools/bin/../lib/gcc/arm-none-eabi/12.3.1/thumb/v7e-m+fp/hard/crtbegin.o

.data           0x20000000       0x10 load address 0x08013b28
                0x20000000                        . = ALIGN (0x4)
                0x20000000                        _sdata = .
 *(.data)
 *(.data*)
 .data.LCD_HEIGHT
                0x20000000        0x2 ./Core/Src/ILI9341_STM32_Driver.o
                0x20000000                LCD_HEIGHT
 .data.LCD_WIDTH
                0x20000002        0x2 ./Core/Src/ILI9341_STM32_Driver.o
                0x20000002                LCD_WIDTH
 .data.SystemCoreClock
                0x20000004        0x4 ./Core/Src/system_stm32l4xx.o
                0x20000004                SystemCoreClock
 .data.uwTickPrio
                0x20000008        0x4 ./Drivers/STM32L4xx_HAL_Driver/Src/stm32l4xx_hal.o
                0x20000008                uwTickPrio
 .data.uwTickFreq
                0x2000000c        0x1 ./Drivers/STM32L4xx_HAL_Driver/Src/stm32l4xx_hal.o
                0x2000000c                uwTickFreq
 *(.RamFunc)
 *(.RamFunc*)
                0x20000010                        . = ALIGN (0x4)
 *fill*         0x2000000d        0x3 
                0x20000010                        _edata = .

.igot.plt       0x20000010        0x0 load address 0x08013b38
 .igot.plt      0x20000010        0x0 C:/ST/STM32CubeIDE_1.15.1/STM32CubeIDE/plugins/com.st.stm32cube.ide.mcu.externaltools.gnu-tools-for-stm32.12.3.rel1.win32_1.0.200.202406191623/tools/bin/../lib/gcc/arm-none-eabi/12.3.1/thumb/v7e-m+fp/hard/crtbegin.o
                0x20000010                        . = ALIGN (0x4)

.bss            0x20000010       0x84 load address 0x08013b38
                0x20000010                        _sbss = .
                0x20000010                        __bss_start__ = _sbss
 *(.bss)
 .bss           0x20000010       0x1c C:/ST/STM32CubeIDE_1.15.1/STM32CubeIDE/plugins/com.st.stm32cube.ide.mcu.externaltools.gnu-tools-for-stm32.12.3.rel1.win32_1.0.200.202406191623/tools/bin/../lib/gcc/arm-none-eabi/12.3.1/thumb/v7e-m+fp/hard/crtbegin.o
 *(.bss*)
 .bss.hspi1     0x2000002c       0x64 ./Core/Src/main.o
                0x2000002c                hspi1
 .bss.uwTick    0x20000090        0x4 ./Drivers/STM32L4xx_HAL_Driver/Src/stm32l4xx_hal.o
                0x20000090                uwTick
 *(COMMON)
                0x20000094                        . = ALIGN (0x4)
                0x20000094                        _ebss = .
                0x20000094                        __bss_end__ = _ebss

._user_heap_stack
                0x20000094      0x604 load address 0x08013b38
                0x20000098                        . = ALIGN (0x8)
 *fill*         0x20000094        0x4 
                [!provide]                        PROVIDE (end = .)
                0x20000098                        PROVIDE (_end = .)
                0x20000298                        . = (. + _Min_Heap_Size)
 *fill*         0x20000098      0x200 
                0x20000698                        . = (. + _Min_Stack_Size)
 *fill*         0x20000298      0x400 
                0x20000698                        . = ALIGN (0x8)

/DISCARD/
 libc.a(*)
 libm.a(*)
 libgcc.a(*)

.ARM.attributes
                0x00000000       0x30
 *(.ARM.attributes)
 .ARM.attributes
                0x00000000       0x22 C:/ST/STM32CubeIDE_1.15.1/STM32CubeIDE/plugins/com.st.stm32cube.ide.mcu.externaltools.gnu-tools-for-stm32.12.3.rel1.win32_1.0.200.202406191623/tools/bin/../lib/gcc/arm-none-eabi/12.3.1/thumb/v7e-m+fp/hard/crti.o
 .ARM.attributes
                0x00000022       0x34 C:/ST/STM32CubeIDE_1.15.1/STM32CubeIDE/plugins/com.st.stm32cube.ide.mcu.externaltools.gnu-tools-for-stm32.12.3.rel1.win32_1.0.200.202406191623/tools/bin/../lib/gcc/arm-none-eabi/12.3.1/thumb/v7e-m+fp/hard/crtbegin.o
 .ARM.attributes
                0x00000056       0x34 ./Core/Src/ILI9341_GFX.o
 .ARM.attributes
                0x0000008a       0x34 ./Core/Src/ILI9341_STM32_Driver.o
 .ARM.attributes
                0x000000be       0x34 ./Core/Src/fonts.o
 .ARM.attributes
                0x000000f2       0x34 ./Core/Src/main.o
 .ARM.attributes
                0x00000126       0x34 ./Core/Src/stm32l4xx_hal_msp.o
 .ARM.attributes
                0x0000015a       0x34 ./Core/Src/stm32l4xx_it.o
 .ARM.attributes
                0x0000018e       0x34 ./Core/Src/system_stm32l4xx.o
 .ARM.attributes
                0x000001c2       0x21 ./Core/Startup/startup_stm32l432kcux.o
 .ARM.attributes
                0x000001e3       0x34 ./Drivers/STM32L4xx_HAL_Driver/Src/stm32l4xx_hal.o
 .ARM.attributes
                0x00000217       0x34 ./Drivers/STM32L4xx_HAL_Driver/Src/stm32l4xx_hal_cortex.o
 .ARM.attributes
                0x0000024b       0x34 ./Drivers/STM32L4xx_HAL_Driver/Src/stm32l4xx_hal_gpio.o
 .ARM.attributes
                0x0000027f       0x34 ./Drivers/STM32L4xx_HAL_Driver/Src/stm32l4xx_hal_pwr_ex.o
 .ARM.attributes
                0x000002b3       0x34 ./Drivers/STM32L4xx_HAL_Driver/Src/stm32l4xx_hal_rcc.o
 .ARM.attributes
                0x000002e7       0x34 ./Drivers/STM32L4xx_HAL_Driver/Src/stm32l4xx_hal_spi.o
 .ARM.attributes
                0x0000031b       0x34 C:/ST/STM32CubeIDE_1.15.1/STM32CubeIDE/plugins/com.st.stm32cube.ide.mcu.externaltools.gnu-tools-for-stm32.12.3.rel1.win32_1.0.200.202406191623/tools/bin/../lib/gcc/arm-none-eabi/12.3.1/../../../../arm-none-eabi/lib/thumb/v7e-m+fp/hard\libc_nano.a(libc_a-memset.o)
 .ARM.attributes
                0x0000034f       0x34 C:/ST/STM32CubeIDE_1.15.1/STM32CubeIDE/plugins/com.st.stm32cube.ide.mcu.externaltools.gnu-tools-for-stm32.12.3.rel1.win32_1.0.200.202406191623/tools/bin/../lib/gcc/arm-none-eabi/12.3.1/../../../../arm-none-eabi/lib/thumb/v7e-m+fp/hard\libc_nano.a(libc_a-init.o)
 .ARM.attributes
                0x00000383       0x17 C:/ST/STM32CubeIDE_1.15.1/STM32CubeIDE/plugins/com.st.stm32cube.ide.mcu.externaltools.gnu-tools-for-stm32.12.3.rel1.win32_1.0.200.202406191623/tools/bin/../lib/gcc/arm-none-eabi/12.3.1/../../../../arm-none-eabi/lib/thumb/v7e-m+fp/hard\libc_nano.a(libc_a-strlen.o)
 .ARM.attributes
                0x0000039a       0x22 C:/ST/STM32CubeIDE_1.15.1/STM32CubeIDE/plugins/com.st.stm32cube.ide.mcu.externaltools.gnu-tools-for-stm32.12.3.rel1.win32_1.0.200.202406191623/tools/bin/../lib/gcc/arm-none-eabi/12.3.1/thumb/v7e-m+fp/hard\libgcc.a(_arm_muldf3.o)
 .ARM.attributes
                0x000003bc       0x22 C:/ST/STM32CubeIDE_1.15.1/STM32CubeIDE/plugins/com.st.stm32cube.ide.mcu.externaltools.gnu-tools-for-stm32.12.3.rel1.win32_1.0.200.202406191623/tools/bin/../lib/gcc/arm-none-eabi/12.3.1/thumb/v7e-m+fp/hard\libgcc.a(_arm_addsubdf3.o)
 .ARM.attributes
                0x000003de       0x22 C:/ST/STM32CubeIDE_1.15.1/STM32CubeIDE/plugins/com.st.stm32cube.ide.mcu.externaltools.gnu-tools-for-stm32.12.3.rel1.win32_1.0.200.202406191623/tools/bin/../lib/gcc/arm-none-eabi/12.3.1/thumb/v7e-m+fp/hard\libgcc.a(_arm_fixunsdfsi.o)
 .ARM.attributes
                0x00000400       0x22 C:/ST/STM32CubeIDE_1.15.1/STM32CubeIDE/plugins/com.st.stm32cube.ide.mcu.externaltools.gnu-tools-for-stm32.12.3.rel1.win32_1.0.200.202406191623/tools/bin/../lib/gcc/arm-none-eabi/12.3.1/thumb/v7e-m+fp/hard/crtn.o
OUTPUT(lcd_tst2.elf elf32-littlearm)
LOAD linker stubs
LOAD C:/ST/STM32CubeIDE_1.15.1/STM32CubeIDE/plugins/com.st.stm32cube.ide.mcu.externaltools.gnu-tools-for-stm32.12.3.rel1.win32_1.0.200.202406191623/tools/bin/../lib/gcc/arm-none-eabi/12.3.1/../../../../arm-none-eabi/lib/thumb/v7e-m+fp/hard\libc.a
LOAD C:/ST/STM32CubeIDE_1.15.1/STM32CubeIDE/plugins/com.st.stm32cube.ide.mcu.externaltools.gnu-tools-for-stm32.12.3.rel1.win32_1.0.200.202406191623/tools/bin/../lib/gcc/arm-none-eabi/12.3.1/../../../../arm-none-eabi/lib/thumb/v7e-m+fp/hard\libm.a
LOAD C:/ST/STM32CubeIDE_1.15.1/STM32CubeIDE/plugins/com.st.stm32cube.ide.mcu.externaltools.gnu-tools-for-stm32.12.3.rel1.win32_1.0.200.202406191623/tools/bin/../lib/gcc/arm-none-eabi/12.3.1/thumb/v7e-m+fp/hard\libgcc.a

.debug_info     0x00000000     0x7d37
 .debug_info    0x00000000      0x8f5 ./Core/Src/ILI9341_GFX.o
 .debug_info    0x000008f5      0xb39 ./Core/Src/ILI9341_STM32_Driver.o
 .debug_info    0x0000142e      0x1bb ./Core/Src/fonts.o
 .debug_info    0x000015e9      0xed7 ./Core/Src/main.o
 .debug_info    0x000024c0      0x951 ./Core/Src/stm32l4xx_hal_msp.o
 .debug_info    0x00002e11      0x113 ./Core/Src/stm32l4xx_it.o
 .debug_info    0x00002f24      0x5bf ./Core/Src/system_stm32l4xx.o
 .debug_info    0x000034e3       0x30 ./Core/Startup/startup_stm32l432kcux.o
 .debug_info    0x00003513      0x99e ./Drivers/STM32L4xx_HAL_Driver/Src/stm32l4xx_hal.o
 .debug_info    0x00003eb1      0xd03 ./Drivers/STM32L4xx_HAL_Driver/Src/stm32l4xx_hal_cortex.o
 .debug_info    0x00004bb4      0x757 ./Drivers/STM32L4xx_HAL_Driver/Src/stm32l4xx_hal_gpio.o
 .debug_info    0x0000530b      0x920 ./Drivers/STM32L4xx_HAL_Driver/Src/stm32l4xx_hal_pwr_ex.o
 .debug_info    0x00005c2b      0xbc3 ./Drivers/STM32L4xx_HAL_Driver/Src/stm32l4xx_hal_rcc.o
 .debug_info    0x000067ee     0x1549 ./Drivers/STM32L4xx_HAL_Driver/Src/stm32l4xx_hal_spi.o

.debug_abbrev   0x00000000     0x1978
 .debug_abbrev  0x00000000      0x18d ./Core/Src/ILI9341_GFX.o
 .debug_abbrev  0x0000018d      0x29f ./Core/Src/ILI9341_STM32_Driver.o
 .debug_abbrev  0x0000042c       0x99 ./Core/Src/fonts.o
 .debug_abbrev  0x000004c5      0x324 ./Core/Src/main.o
 .debug_abbrev  0x000007e9      0x1ae ./Core/Src/stm32l4xx_hal_msp.o
 .debug_abbrev  0x00000997       0x73 ./Core/Src/stm32l4xx_it.o
 .debug_abbrev  0x00000a0a      0x11a ./Core/Src/system_stm32l4xx.o
 .debug_abbrev  0x00000b24       0x24 ./Core/Startup/startup_stm32l432kcux.o
 .debug_abbrev  0x00000b48      0x225 ./Drivers/STM32L4xx_HAL_Driver/Src/stm32l4xx_hal.o
 .debug_abbrev  0x00000d6d      0x31c ./Drivers/STM32L4xx_HAL_Driver/Src/stm32l4xx_hal_cortex.o
 .debug_abbrev  0x00001089      0x1cb ./Drivers/STM32L4xx_HAL_Driver/Src/stm32l4xx_hal_gpio.o
 .debug_abbrev  0x00001254      0x1f9 ./Drivers/STM32L4xx_HAL_Driver/Src/stm32l4xx_hal_pwr_ex.o
 .debug_abbrev  0x0000144d      0x2cb ./Drivers/STM32L4xx_HAL_Driver/Src/stm32l4xx_hal_rcc.o
 .debug_abbrev  0x00001718      0x260 ./Drivers/STM32L4xx_HAL_Driver/Src/stm32l4xx_hal_spi.o

.debug_aranges  0x00000000      0x878
 .debug_aranges
                0x00000000       0x68 ./Core/Src/ILI9341_GFX.o
 .debug_aranges
                0x00000068       0xa8 ./Core/Src/ILI9341_STM32_Driver.o
 .debug_aranges
                0x00000110       0x18 ./Core/Src/fonts.o
 .debug_aranges
                0x00000128       0x58 ./Core/Src/main.o
 .debug_aranges
                0x00000180       0x30 ./Core/Src/stm32l4xx_hal_msp.o
 .debug_aranges
                0x000001b0       0x60 ./Core/Src/stm32l4xx_it.o
 .debug_aranges
                0x00000210       0x28 ./Core/Src/system_stm32l4xx.o
 .debug_aranges
                0x00000238       0x28 ./Core/Startup/startup_stm32l432kcux.o
 .debug_aranges
                0x00000260      0x108 ./Drivers/STM32L4xx_HAL_Driver/Src/stm32l4xx_hal.o
 .debug_aranges
                0x00000368      0x128 ./Drivers/STM32L4xx_HAL_Driver/Src/stm32l4xx_hal_cortex.o
 .debug_aranges
                0x00000490       0x58 ./Drivers/STM32L4xx_HAL_Driver/Src/stm32l4xx_hal_gpio.o
 .debug_aranges
                0x000004e8      0x128 ./Drivers/STM32L4xx_HAL_Driver/Src/stm32l4xx_hal_pwr_ex.o
 .debug_aranges
                0x00000610       0x90 ./Drivers/STM32L4xx_HAL_Driver/Src/stm32l4xx_hal_rcc.o
 .debug_aranges
                0x000006a0      0x1d8 ./Drivers/STM32L4xx_HAL_Driver/Src/stm32l4xx_hal_spi.o

.debug_rnglists
                0x00000000      0x648
 .debug_rnglists
                0x00000000       0x52 ./Core/Src/ILI9341_GFX.o
 .debug_rnglists
                0x00000052       0x81 ./Core/Src/ILI9341_STM32_Driver.o
 .debug_rnglists
                0x000000d3       0x41 ./Core/Src/main.o
 .debug_rnglists
                0x00000114       0x20 ./Core/Src/stm32l4xx_hal_msp.o
 .debug_rnglists
                0x00000134       0x43 ./Core/Src/stm32l4xx_it.o
 .debug_rnglists
                0x00000177       0x1a ./Core/Src/system_stm32l4xx.o
 .debug_rnglists
                0x00000191       0x19 ./Core/Startup/startup_stm32l432kcux.o
 .debug_rnglists
                0x000001aa       0xc1 ./Drivers/STM32L4xx_HAL_Driver/Src/stm32l4xx_hal.o
 .debug_rnglists
                0x0000026b       0xda ./Drivers/STM32L4xx_HAL_Driver/Src/stm32l4xx_hal_cortex.o
 .debug_rnglists
                0x00000345       0x3f ./Drivers/STM32L4xx_HAL_Driver/Src/stm32l4xx_hal_gpio.o
 .debug_rnglists
                0x00000384       0xdf ./Drivers/STM32L4xx_HAL_Driver/Src/stm32l4xx_hal_pwr_ex.o
 .debug_rnglists
                0x00000463       0x6d ./Drivers/STM32L4xx_HAL_Driver/Src/stm32l4xx_hal_rcc.o
 .debug_rnglists
                0x000004d0      0x178 ./Drivers/STM32L4xx_HAL_Driver/Src/stm32l4xx_hal_spi.o

.debug_macro    0x00000000    0x1f78c
 .debug_macro   0x00000000      0x1d4 ./Core/Src/ILI9341_GFX.o
 .debug_macro   0x000001d4      0xab4 ./Core/Src/ILI9341_GFX.o
 .debug_macro   0x00000c88      0x1a1 ./Core/Src/ILI9341_GFX.o
 .debug_macro   0x00000e29       0x2e ./Core/Src/ILI9341_GFX.o
 .debug_macro   0x00000e57       0x28 ./Core/Src/ILI9341_GFX.o
 .debug_macro   0x00000e7f       0x22 ./Core/Src/ILI9341_GFX.o
 .debug_macro   0x00000ea1       0x8e ./Core/Src/ILI9341_GFX.o
 .debug_macro   0x00000f2f       0x51 ./Core/Src/ILI9341_GFX.o
 .debug_macro   0x00000f80      0x103 ./Core/Src/ILI9341_GFX.o
 .debug_macro   0x00001083       0x6a ./Core/Src/ILI9341_GFX.o
 .debug_macro   0x000010ed      0x1df ./Core/Src/ILI9341_GFX.o
 .debug_macro   0x000012cc       0x1c ./Core/Src/ILI9341_GFX.o
 .debug_macro   0x000012e8       0x22 ./Core/Src/ILI9341_GFX.o
 .debug_macro   0x0000130a       0xfb ./Core/Src/ILI9341_GFX.o
 .debug_macro   0x00001405     0x1011 ./Core/Src/ILI9341_GFX.o
 .debug_macro   0x00002416      0x11f ./Core/Src/ILI9341_GFX.o
 .debug_macro   0x00002535    0x147a6 ./Core/Src/ILI9341_GFX.o
 .debug_macro   0x00016cdb       0x6d ./Core/Src/ILI9341_GFX.o
 .debug_macro   0x00016d48     0x38fb ./Core/Src/ILI9341_GFX.o
 .debug_macro   0x0001a643      0x189 ./Core/Src/ILI9341_GFX.o
 .debug_macro   0x0001a7cc       0x5c ./Core/Src/ILI9341_GFX.o
 .debug_macro   0x0001a828     0x11ca ./Core/Src/ILI9341_GFX.o
 .debug_macro   0x0001b9f2      0x53c ./Core/Src/ILI9341_GFX.o
 .debug_macro   0x0001bf2e      0x1b9 ./Core/Src/ILI9341_GFX.o
 .debug_macro   0x0001c0e7      0x122 ./Core/Src/ILI9341_GFX.o
 .debug_macro   0x0001c209      0x26b ./Core/Src/ILI9341_GFX.o
 .debug_macro   0x0001c474      0x23d ./Core/Src/ILI9341_GFX.o
 .debug_macro   0x0001c6b1      0x241 ./Core/Src/ILI9341_GFX.o
 .debug_macro   0x0001c8f2      0x375 ./Core/Src/ILI9341_GFX.o
 .debug_macro   0x0001cc67       0xd6 ./Core/Src/ILI9341_GFX.o
 .debug_macro   0x0001cd3d      0x122 ./Core/Src/ILI9341_GFX.o
 .debug_macro   0x0001ce5f      0x356 ./Core/Src/ILI9341_GFX.o
 .debug_macro   0x0001d1b5      0x2fe ./Core/Src/ILI9341_GFX.o
 .debug_macro   0x0001d4b3      0x220 ./Core/Src/ILI9341_GFX.o
 .debug_macro   0x0001d6d3       0xca ./Core/Src/ILI9341_GFX.o
 .debug_macro   0x0001d79d       0x2e ./Core/Src/ILI9341_GFX.o
 .debug_macro   0x0001d7cb       0x10 ./Core/Src/ILI9341_GFX.o
 .debug_macro   0x0001d7db      0x1bc ./Core/Src/ILI9341_STM32_Driver.o
 .debug_macro   0x0001d997       0x72 ./Core/Src/fonts.o
 .debug_macro   0x0001da09       0x28 ./Core/Src/fonts.o
 .debug_macro   0x0001da31      0x2fd ./Core/Src/main.o
 .debug_macro   0x0001dd2e       0x10 ./Core/Src/main.o
 .debug_macro   0x0001dd3e       0xd0 ./Core/Src/main.o
 .debug_macro   0x0001de0e       0x61 ./Core/Src/main.o
 .debug_macro   0x0001de6f       0x2a ./Core/Src/main.o
 .debug_macro   0x0001de99       0x43 ./Core/Src/main.o
 .debug_macro   0x0001dedc       0x34 ./Core/Src/main.o
 .debug_macro   0x0001df10       0x16 ./Core/Src/main.o
 .debug_macro   0x0001df26       0x35 ./Core/Src/main.o
 .debug_macro   0x0001df5b      0x369 ./Core/Src/main.o
 .debug_macro   0x0001e2c4       0x10 ./Core/Src/main.o
 .debug_macro   0x0001e2d4       0x16 ./Core/Src/main.o
 .debug_macro   0x0001e2ea       0x43 ./Core/Src/main.o
 .debug_macro   0x0001e32d       0x34 ./Core/Src/main.o
 .debug_macro   0x0001e361       0x10 ./Core/Src/main.o
 .debug_macro   0x0001e371       0x58 ./Core/Src/main.o
 .debug_macro   0x0001e3c9       0x8e ./Core/Src/main.o
 .debug_macro   0x0001e457       0x1c ./Core/Src/main.o
 .debug_macro   0x0001e473      0x177 ./Core/Src/main.o
 .debug_macro   0x0001e5ea       0x16 ./Core/Src/main.o
 .debug_macro   0x0001e600       0x16 ./Core/Src/main.o
 .debug_macro   0x0001e616      0x146 ./Core/Src/main.o
 .debug_macro   0x0001e75c       0x16 ./Core/Src/main.o
 .debug_macro   0x0001e772       0x20 ./Core/Src/main.o
 .debug_macro   0x0001e792      0x1bc ./Core/Src/stm32l4xx_hal_msp.o
 .debug_macro   0x0001e94e      0x1c6 ./Core/Src/stm32l4xx_it.o
 .debug_macro   0x0001eb14      0x1ad ./Core/Src/system_stm32l4xx.o
 .debug_macro   0x0001ecc1      0x1f5 ./Drivers/STM32L4xx_HAL_Driver/Src/stm32l4xx_hal.o
 .debug_macro   0x0001eeb6      0x1ad ./Drivers/STM32L4xx_HAL_Driver/Src/stm32l4xx_hal_cortex.o
 .debug_macro   0x0001f063      0x1b4 ./Drivers/STM32L4xx_HAL_Driver/Src/stm32l4xx_hal_gpio.o
 .debug_macro   0x0001f217      0x1d1 ./Drivers/STM32L4xx_HAL_Driver/Src/stm32l4xx_hal_pwr_ex.o
 .debug_macro   0x0001f3e8      0x1ef ./Drivers/STM32L4xx_HAL_Driver/Src/stm32l4xx_hal_rcc.o
 .debug_macro   0x0001f5d7      0x1b5 ./Drivers/STM32L4xx_HAL_Driver/Src/stm32l4xx_hal_spi.o

.debug_line     0x00000000     0x9ca8
 .debug_line    0x00000000      0xc05 ./Core/Src/ILI9341_GFX.o
 .debug_line    0x00000c05      0xadb ./Core/Src/ILI9341_STM32_Driver.o
 .debug_line    0x000016e0      0x412 ./Core/Src/fonts.o
 .debug_line    0x00001af2      0xc05 ./Core/Src/main.o
 .debug_line    0x000026f7      0x76a ./Core/Src/stm32l4xx_hal_msp.o
 .debug_line    0x00002e61      0x7df ./Core/Src/stm32l4xx_it.o
 .debug_line    0x00003640      0x7b7 ./Core/Src/system_stm32l4xx.o
 .debug_line    0x00003df7       0x7a ./Core/Startup/startup_stm32l432kcux.o
 .debug_line    0x00003e71      0xa7f ./Drivers/STM32L4xx_HAL_Driver/Src/stm32l4xx_hal.o
 .debug_line    0x000048f0      0xcdb ./Drivers/STM32L4xx_HAL_Driver/Src/stm32l4xx_hal_cortex.o
 .debug_line    0x000055cb      0xb21 ./Drivers/STM32L4xx_HAL_Driver/Src/stm32l4xx_hal_gpio.o
 .debug_line    0x000060ec      0xc0b ./Drivers/STM32L4xx_HAL_Driver/Src/stm32l4xx_hal_pwr_ex.o
 .debug_line    0x00006cf7      0xfc9 ./Drivers/STM32L4xx_HAL_Driver/Src/stm32l4xx_hal_rcc.o
 .debug_line    0x00007cc0     0x1fe8 ./Drivers/STM32L4xx_HAL_Driver/Src/stm32l4xx_hal_spi.o

.debug_str      0x00000000    0xbbf56
 .debug_str     0x00000000    0xb60a2 ./Core/Src/ILI9341_GFX.o
                              0xb636a (size before relaxing)
 .debug_str     0x000b60a2      0x5c0 ./Core/Src/ILI9341_STM32_Driver.o
                              0xb66f2 (size before relaxing)
 .debug_str     0x000b6662       0x14 ./Core/Src/fonts.o
                               0x3e1f (size before relaxing)
 .debug_str     0x000b6676     0x3b9b ./Core/Src/main.o
                              0xba1ee (size before relaxing)
 .debug_str     0x000ba211       0x5e ./Core/Src/stm32l4xx_hal_msp.o
                              0xb641e (size before relaxing)
 .debug_str     0x000ba26f       0xc9 ./Core/Src/stm32l4xx_it.o
                              0xb5eb9 (size before relaxing)
 .debug_str     0x000ba338       0xe2 ./Core/Src/system_stm32l4xx.o
                              0xb6023 (size before relaxing)
 .debug_str     0x000ba41a       0x44 ./Core/Startup/startup_stm32l432kcux.o
                                 0x7f (size before relaxing)
 .debug_str     0x000ba45e      0x8f5 ./Drivers/STM32L4xx_HAL_Driver/Src/stm32l4xx_hal.o
                              0xb69b0 (size before relaxing)
 .debug_str     0x000bad53      0x372 ./Drivers/STM32L4xx_HAL_Driver/Src/stm32l4xx_hal_cortex.o
                              0xb6783 (size before relaxing)
 .debug_str     0x000bb0c5      0x128 ./Drivers/STM32L4xx_HAL_Driver/Src/stm32l4xx_hal_gpio.o
                              0xb6197 (size before relaxing)
 .debug_str     0x000bb1ed      0x44e ./Drivers/STM32L4xx_HAL_Driver/Src/stm32l4xx_hal_pwr_ex.o
                              0xb64cb (size before relaxing)
 .debug_str     0x000bb63b      0x38c ./Drivers/STM32L4xx_HAL_Driver/Src/stm32l4xx_hal_rcc.o
                              0xb6623 (size before relaxing)
 .debug_str     0x000bb9c7      0x58f ./Drivers/STM32L4xx_HAL_Driver/Src/stm32l4xx_hal_spi.o
                              0xb683b (size before relaxing)

.comment        0x00000000       0x43
 .comment       0x00000000       0x43 ./Core/Src/ILI9341_GFX.o
                                 0x44 (size before relaxing)
 .comment       0x00000043       0x44 ./Core/Src/ILI9341_STM32_Driver.o
 .comment       0x00000043       0x44 ./Core/Src/fonts.o
 .comment       0x00000043       0x44 ./Core/Src/main.o
 .comment       0x00000043       0x44 ./Core/Src/stm32l4xx_hal_msp.o
 .comment       0x00000043       0x44 ./Core/Src/stm32l4xx_it.o
 .comment       0x00000043       0x44 ./Core/Src/system_stm32l4xx.o
 .comment       0x00000043       0x44 ./Drivers/STM32L4xx_HAL_Driver/Src/stm32l4xx_hal.o
 .comment       0x00000043       0x44 ./Drivers/STM32L4xx_HAL_Driver/Src/stm32l4xx_hal_cortex.o
 .comment       0x00000043       0x44 ./Drivers/STM32L4xx_HAL_Driver/Src/stm32l4xx_hal_gpio.o
 .comment       0x00000043       0x44 ./Drivers/STM32L4xx_HAL_Driver/Src/stm32l4xx_hal_pwr_ex.o
 .comment       0x00000043       0x44 ./Drivers/STM32L4xx_HAL_Driver/Src/stm32l4xx_hal_rcc.o
 .comment       0x00000043       0x44 ./Drivers/STM32L4xx_HAL_Driver/Src/stm32l4xx_hal_spi.o

.debug_frame    0x00000000     0x21ac
 .debug_frame   0x00000000      0x1a0 ./Core/Src/ILI9341_GFX.o
 .debug_frame   0x000001a0      0x29c ./Core/Src/ILI9341_STM32_Driver.o
 .debug_frame   0x0000043c      0x118 ./Core/Src/main.o
 .debug_frame   0x00000554       0x80 ./Core/Src/stm32l4xx_hal_msp.o
 .debug_frame   0x000005d4      0x104 ./Core/Src/stm32l4xx_it.o
 .debug_frame   0x000006d8       0x58 ./Core/Src/system_stm32l4xx.o
 .debug_frame   0x00000730      0x3dc ./Drivers/STM32L4xx_HAL_Driver/Src/stm32l4xx_hal.o
 .debug_frame   0x00000b0c      0x4e8 ./Drivers/STM32L4xx_HAL_Driver/Src/stm32l4xx_hal_cortex.o
 .debug_frame   0x00000ff4      0x14c ./Drivers/STM32L4xx_HAL_Driver/Src/stm32l4xx_hal_gpio.o
 .debug_frame   0x00001140      0x4a4 ./Drivers/STM32L4xx_HAL_Driver/Src/stm32l4xx_hal_pwr_ex.o
 .debug_frame   0x000015e4      0x21c ./Drivers/STM32L4xx_HAL_Driver/Src/stm32l4xx_hal_rcc.o
 .debug_frame   0x00001800      0x860 ./Drivers/STM32L4xx_HAL_Driver/Src/stm32l4xx_hal_spi.o
 .debug_frame   0x00002060       0x20 C:/ST/STM32CubeIDE_1.15.1/STM32CubeIDE/plugins/com.st.stm32cube.ide.mcu.externaltools.gnu-tools-for-stm32.12.3.rel1.win32_1.0.200.202406191623/tools/bin/../lib/gcc/arm-none-eabi/12.3.1/../../../../arm-none-eabi/lib/thumb/v7e-m+fp/hard\libc_nano.a(libc_a-memset.o)
 .debug_frame   0x00002080       0x2c C:/ST/STM32CubeIDE_1.15.1/STM32CubeIDE/plugins/com.st.stm32cube.ide.mcu.externaltools.gnu-tools-for-stm32.12.3.rel1.win32_1.0.200.202406191623/tools/bin/../lib/gcc/arm-none-eabi/12.3.1/../../../../arm-none-eabi/lib/thumb/v7e-m+fp/hard\libc_nano.a(libc_a-init.o)
 .debug_frame   0x000020ac       0x30 C:/ST/STM32CubeIDE_1.15.1/STM32CubeIDE/plugins/com.st.stm32cube.ide.mcu.externaltools.gnu-tools-for-stm32.12.3.rel1.win32_1.0.200.202406191623/tools/bin/../lib/gcc/arm-none-eabi/12.3.1/thumb/v7e-m+fp/hard\libgcc.a(_arm_muldf3.o)
 .debug_frame   0x000020dc       0xac C:/ST/STM32CubeIDE_1.15.1/STM32CubeIDE/plugins/com.st.stm32cube.ide.mcu.externaltools.gnu-tools-for-stm32.12.3.rel1.win32_1.0.200.202406191623/tools/bin/../lib/gcc/arm-none-eabi/12.3.1/thumb/v7e-m+fp/hard\libgcc.a(_arm_addsubdf3.o)
 .debug_frame   0x00002188       0x24 C:/ST/STM32CubeIDE_1.15.1/STM32CubeIDE/plugins/com.st.stm32cube.ide.mcu.externaltools.gnu-tools-for-stm32.12.3.rel1.win32_1.0.200.202406191623/tools/bin/../lib/gcc/arm-none-eabi/12.3.1/thumb/v7e-m+fp/hard\libgcc.a(_arm_fixunsdfsi.o)

.debug_line_str
                0x00000000       0x63
 .debug_line_str
                0x00000000       0x63 ./Core/Startup/startup_stm32l432kcux.o
